// Jest Snapshot v1, https://goo.gl/fbAQLP

exports[`MediaLibrary / AssetList snapshots the asset list 1`] = `
.c1 {
  height: 100%;
}

.c3 {
  background: #ffffff;
  border-radius: 4px;
  border-style: solid;
  border-width: 1px;
  border-color: #eaeaef;
  box-shadow: 0px 1px 4px rgba(33,33,52,0.1);
  height: 100%;
}

.c5 {
  position: relative;
}

.c8 {
  position: start;
}

.c14 {
  padding-top: 8px;
  padding-right: 12px;
  padding-bottom: 8px;
  padding-left: 12px;
}

.c17 {
  padding-top: 4px;
}

.c21 {
  padding-top: 4px;
  -webkit-box-flex: 1;
  -webkit-flex-grow: 1;
  -ms-flex-positive: 1;
  flex-grow: 1;
}

.c24 {
  background: #eaeaef;
  padding-right: 8px;
  padding-left: 8px;
  min-width: 20px;
}

.c31 {
  background: #32324d;
  color: #ffffff;
  padding: 4px;
  border-radius: 4px;
  position: absolute;
  right: 4px;
  bottom: 4px;
}

.c33 {
  width: 100%;
  height: 16.4rem;
}

.c6 {
  -webkit-align-items: center;
  -webkit-box-align: center;
  -ms-flex-align: center;
  align-items: center;
  display: -webkit-box;
  display: -webkit-flex;
  display: -ms-flexbox;
  display: flex;
  -webkit-flex-direction: row;
  -ms-flex-direction: row;
  flex-direction: row;
  -webkit-box-pack: center;
  -webkit-justify-content: center;
  -ms-flex-pack: center;
  justify-content: center;
}

.c9 {
  -webkit-align-items: center;
  -webkit-box-align: center;
  -ms-flex-align: center;
  align-items: center;
  display: -webkit-box;
  display: -webkit-flex;
  display: -ms-flexbox;
  display: flex;
  -webkit-flex-direction: row;
  -ms-flex-direction: row;
  flex-direction: row;
  gap: 8px;
}

.c15 {
  -webkit-align-items: flex-start;
  -webkit-box-align: flex-start;
  -ms-flex-align: flex-start;
  align-items: flex-start;
  display: -webkit-box;
  display: -webkit-flex;
  display: -ms-flexbox;
  display: flex;
  -webkit-flex-direction: row;
  -ms-flex-direction: row;
  flex-direction: row;
}

.c22 {
  -webkit-align-items: center;
  -webkit-box-align: center;
  -ms-flex-align: center;
  align-items: center;
  display: -webkit-box;
  display: -webkit-flex;
  display: -ms-flexbox;
  display: flex;
  -webkit-flex-direction: row;
  -ms-flex-direction: row;
  flex-direction: row;
}

.c25 {
  -webkit-align-items: center;
  -webkit-box-align: center;
  -ms-flex-align: center;
  align-items: center;
  display: -webkit-inline-box;
  display: -webkit-inline-flex;
  display: -ms-inline-flexbox;
  display: inline-flex;
  -webkit-flex-direction: row;
  -ms-flex-direction: row;
  flex-direction: row;
  -webkit-box-pack: center;
  -webkit-justify-content: center;
  -ms-flex-pack: center;
  justify-content: center;
}

.c18 {
  font-size: 1.2rem;
  line-height: 1.33;
  font-weight: 600;
  color: #32324d;
}

.c19 {
  font-size: 1.2rem;
  line-height: 1.33;
  color: #666687;
}

.c28 {
  font-weight: 600;
  font-size: 1.1rem;
  line-height: 1.45;
  text-transform: uppercase;
  color: #666687;
}

.c32 {
  font-size: 1.2rem;
  line-height: 1.33;
  color: #ffffff;
}

.c26 {
  border-radius: 4px;
  height: 2.4rem;
}

.c11 {
  height: 18px;
  min-width: 18px;
  margin: 0;
  border-radius: 4px;
  border: 1px solid #c0c0cf;
  -webkit-appearance: none;
  background-color: #ffffff;
  cursor: pointer;
}

.c11:checked {
  background-color: #4945ff;
  border: 1px solid #4945ff;
}

.c11:checked:after {
  content: '';
  display: block;
  position: relative;
  background: url("data:image/svg+xml,%3csvg%20width='10'%20height='8'%20viewBox='0%200%2010%208'%20fill='none'%20xmlns='http://www.w3.org/2000/svg'%3e%3cpath%20d='M8.55323%200.396973C8.63135%200.316355%208.76051%200.315811%208.83931%200.395768L9.86256%201.43407C9.93893%201.51157%209.93935%201.6359%209.86349%201.7139L4.06401%207.67724C3.9859%207.75755%203.85707%207.75805%203.77834%207.67834L0.13866%203.99333C0.0617798%203.91549%200.0617102%203.79032%200.138504%203.7124L1.16213%202.67372C1.24038%202.59432%201.36843%202.59422%201.4468%202.67348L3.92174%205.17647L8.55323%200.396973Z'%20fill='white'%20/%3e%3c/svg%3e") no-repeat no-repeat center center;
  width: 10px;
  height: 10px;
  left: 50%;
  top: 50%;
  -webkit-transform: translateX(-50%) translateY(-50%);
  -ms-transform: translateX(-50%) translateY(-50%);
  transform: translateX(-50%) translateY(-50%);
}

.c11:checked:disabled:after {
  background: url("data:image/svg+xml,%3csvg%20width='10'%20height='8'%20viewBox='0%200%2010%208'%20fill='none'%20xmlns='http://www.w3.org/2000/svg'%3e%3cpath%20d='M8.55323%200.396973C8.63135%200.316355%208.76051%200.315811%208.83931%200.395768L9.86256%201.43407C9.93893%201.51157%209.93935%201.6359%209.86349%201.7139L4.06401%207.67724C3.9859%207.75755%203.85707%207.75805%203.77834%207.67834L0.13866%203.99333C0.0617798%203.91549%200.0617102%203.79032%200.138504%203.7124L1.16213%202.67372C1.24038%202.59432%201.36843%202.59422%201.4468%202.67348L3.92174%205.17647L8.55323%200.396973Z'%20fill='%238E8EA9'%20/%3e%3c/svg%3e") no-repeat no-repeat center center;
}

.c11:disabled {
  background-color: #dcdce4;
  border: 1px solid #c0c0cf;
}

.c11:indeterminate {
  background-color: #4945ff;
  border: 1px solid #4945ff;
}

.c11:indeterminate:after {
  content: '';
  display: block;
  position: relative;
  color: white;
  height: 2px;
  width: 10px;
  background-color: #ffffff;
  left: 50%;
  top: 50%;
  -webkit-transform: translateX(-50%) translateY(-50%);
  -ms-transform: translateX(-50%) translateY(-50%);
  transform: translateX(-50%) translateY(-50%);
}

.c11:indeterminate:disabled {
  background-color: #dcdce4;
  border: 1px solid #c0c0cf;
}

.c11:indeterminate:disabled:after {
  background-color: #8e8ea9;
}

.c10 {
  position: absolute;
  top: 12px;
  left: 12px;
}

.c13 {
  margin: 0;
  padding: 0;
  max-height: 100%;
  max-width: 100%;
  object-fit: contain;
}

.c12 {
  display: -webkit-box;
  display: -webkit-flex;
  display: -ms-flexbox;
  display: flex;
  -webkit-box-pack: center;
  -webkit-justify-content: center;
  -ms-flex-pack: center;
  justify-content: center;
  height: 16.4rem;
  width: 100%;
  background: repeating-conic-gradient(#f6f6f9 0% 25%,transparent 0% 50%) 50% / 20px 20px;
  border-top-left-radius: 4px;
  border-top-right-radius: 4px;
}

.c23 {
  margin-left: auto;
  -webkit-flex-shrink: 0;
  -ms-flex-negative: 0;
  flex-shrink: 0;
}

.c27 {
  margin-left: 4px;
}

.c16 {
  word-break: break-all;
}

.c7 {
  border-bottom: 1px solid #eaeaef;
}

.c30 {
  border: 0;
  -webkit-clip: rect(0 0 0 0);
  clip: rect(0 0 0 0);
  height: 1px;
  margin: -1px;
  overflow: hidden;
  padding: 0;
  position: absolute;
  width: 1px;
}

.c0 {
  display: grid;
  grid-template-columns: repeat(12,1fr);
  gap: 16px;
}

.c2 {
  grid-column: span 3;
  max-width: 100%;
}

.c20 {
  text-transform: uppercase;
}

.c4 {
  cursor: pointer;
}

.c35 svg {
  font-size: 4.8rem;
}

.c34 {
  border-radius: 4px 4px 0 0;
  background: linear-gradient(180deg,#ffffff 0%,#f6f6f9 121.48%);
}

.c29 canvas,
.c29 video {
  display: block;
  pointer-events: none;
  max-width: 100%;
  max-height: 16.4rem;
}

@media (max-width:110rem) {
  .c2 {
    grid-column: span;
  }
}

@media (max-width:55rem) {
  .c2 {
    grid-column: span;
  }
}

<div>
  <div
    class=""
  >
    <div
      class="c0"
    >
      <div
        class="c1 c2"
      >
        <article
          aria-labelledby=":r0:-title"
          class="c3 c4"
          role="button"
          tabindex="-1"
        >
          <div
            class="c5 c6 c7"
          >
            <div>
              <div
                class="c8 c9 c10"
              >
                <div
                  class=""
                >
                  <input
                    aria-labelledby=":r0:-title"
                    class="c11"
                    type="checkbox"
                  />
                </div>
              </div>
            </div>
            <div
              class="c12"
            >
              <img
                alt="strapi-cover_1fabc982ce.png"
                aria-hidden="true"
                class="c13"
                src="http://localhost:1337/uploads/thumbnail_strapi_cover_1fabc982ce_5b43615ed5.png?updatedAt=2021-09-14T07%3A32%3A50.816Z"
              />
            </div>
          </div>
          <div
            class="c14"
          >
            <div
              class="c15"
            >
              <div
                class="c16"
              >
                <div
                  class="c17"
                >
                  <h2
                    class="c18"
                    id=":r0:-title"
                  >
                    strapi-cover_1fabc982ce.png
                  </h2>
                </div>
                <div
                  class="c19"
                >
                  <span
                    class="c20"
                  >
                    png
                  </span>
                   - 1066âœ•551
                </div>
              </div>
              <div
                class="c21 c22"
              >
                <div
                  class="c23"
                >
                  <div
                    class="c24 c25 c26 c27"
                  >
                    <span
                      class="c28"
                    >
                      Image
                    </span>
                  </div>
                </div>
              </div>
            </div>
          </div>
        </article>
      </div>
      <div
        class="c1 c2"
      >
        <article
          aria-labelledby=":r1:-title"
          class="c3 c4"
          role="button"
          tabindex="-1"
        >
          <div
            class="c5 c6 c7"
          >
            <div>
              <div
                class="c8 c9 c10"
              >
                <div
                  class=""
                >
                  <input
                    aria-labelledby=":r1:-title"
                    class="c11"
                    type="checkbox"
                  />
                </div>
              </div>
            </div>
            <div
              class="c12"
            >
              <div
                class="c22"
              >
                <div
                  class="c29"
                >
                  <figure
                    class=""
                  >
                    <video
                      crossorigin="anonymous"
                      src="http://localhost:1337/uploads/mov_bbb_2f3907f7aa.mp4"
                    >
                      <source
                        type="video/mp4"
                      />
                    </video>
                    <figcaption
                      class="c30"
                    >
                      mov_bbb.mp4
                    </figcaption>
                  </figure>
                </div>
              </div>
            </div>
            <time
              class="c31"
            >
              <span
                class="c32"
              >
                ...
              </span>
            </time>
          </div>
          <div
            class="c14"
          >
            <div
              class="c15"
            >
              <div
                class="c16"
              >
                <div
                  class="c17"
                >
                  <h2
                    class="c18"
                    id=":r1:-title"
                  >
                    mov_bbb.mp4
                  </h2>
                </div>
                <div
                  class="c19"
                >
                  <span
                    class="c20"
                  >
                    mp4
                  </span>
                </div>
              </div>
              <div
                class="c21 c22"
              >
                <div
                  class="c23"
                >
                  <div
                    class="c24 c25 c26 c27"
                  >
                    <span
                      class="c28"
                    >
                      Video
                    </span>
                  </div>
                </div>
              </div>
            </div>
          </div>
        </article>
      </div>
      <div
        class="c1 c2"
      >
        <article
          aria-labelledby=":r2:-title"
          class="c3 c4"
          role="button"
          tabindex="-1"
        >
          <div
            class="c5 c6 c7"
          >
            <div>
              <div
                class="c8 c9 c10"
              >
                <div
                  class=""
                >
                  <input
                    aria-labelledby=":r2:-title"
                    class="c11"
                    type="checkbox"
                  />
                </div>
              </div>
            </div>
            <div
              class="c33 c6 c34"
            >
              <span
                class="c35"
              >
                <svg
                  aria-label="CARTE MARIAGE AVS - Printemps.pdf"
                  fill="none"
                  height="1rem"
                  viewBox="0 0 24 33"
                  width="1rem"
                  xmlns="http://www.w3.org/2000/svg"
                >
                  <path
                    d="M23.305 8.126 16.39.749c-.443-.472-1.043-.741-1.643-.741H2.337c-.632 0-1.2.27-1.642.74A2.53 2.53 0 0 0 0 2.5v27.015c0 1.381 1.042 2.493 2.337 2.493h19.326c1.295 0 2.337-1.112 2.337-2.493V9.877c0-.64-.253-1.28-.695-1.751m-1.326.606h-5.116c-.568 0-1.042-.505-1.042-1.112V2.197zm-.316 21.827H2.337c-.537 0-.98-.471-.98-1.044V2.5c0-.269.096-.538.285-.74a.95.95 0 0 1 .695-.304h12.126V7.62c0 1.415 1.074 2.56 2.4 2.56h5.78v19.335c0 .573-.443 1.044-.98 1.044"
                    fill="#D9822F"
                  />
                  <path
                    clip-rule="evenodd"
                    d="M13.964 20.095q.516.378 1.312.811a17 17 0 0 1 1.827-.1q2.295 0 2.764.709.25.318.031.753 0 .015-.016.029l-.03.029v.014q-.095.55-1.11.55-.75 0-1.795-.29a12 12 0 0 1-2.03-.767q-3.45.348-6.121 1.202-2.389 3.795-3.779 3.795a1 1 0 0 1-.437-.102l-.375-.174a2 2 0 0 0-.093-.072q-.157-.144-.094-.521.14-.58.874-1.325.735-.746 2.061-1.398.219-.13.36.087.03.03.03.058a35 35 0 0 0 1.672-2.853q1.061-1.97 1.624-3.794a11 11 0 0 1-.477-2.31q-.101-1.122.102-1.847.171-.579.656-.579h.343q.36 0 .547.217.28.304.14.985a.3.3 0 0 1-.062.116.4.4 0 0 1 .015.116v.434q-.03 1.782-.218 2.78.858 2.376 2.28 3.447M4.97 26.047q.813-.348 2.14-2.289-.797.58-1.367 1.217t-.773 1.072m6.183-11.412q-.203-1.303.032-1.911v-.03q.015-.014.015-.028a.8.8 0 0 1 .203.521q0 .014.016.044 0 .014.015.029a.3.3 0 0 0-.062.116q-.11.579-.11.622zm-1.904 7.66a24.3 24.3 0 0 1 4.434-1.173 2 2 0 0 1-.203-.137 3 3 0 0 1-.25-.196q-1.186-.97-1.983-2.549-.42 1.245-1.296 2.854-.468.81-.702 1.201m7.9-.58q1.812 0 2.187.349.03.028.031.043-.063.015-.281.014-.75 0-1.936-.405"
                    fill="#D9822F"
                    fill-rule="evenodd"
                  />
                </svg>
              </span>
            </div>
          </div>
          <div
            class="c14"
          >
            <div
              class="c15"
            >
              <div
                class="c16"
              >
                <div
                  class="c17"
                >
                  <h2
                    class="c18"
                    id=":r2:-title"
                  >
                    CARTE MARIAGE AVS - Printemps.pdf
                  </h2>
                </div>
                <div
                  class="c19"
                >
                  <span
                    class="c20"
                  >
                    pdf
                  </span>
                </div>
              </div>
              <div
                class="c21 c22"
              >
                <div
                  class="c23"
                >
                  <div
                    class="c24 c25 c26 c27"
                  >
                    <span
                      class="c28"
                    >
                      Doc
                    </span>
                  </div>
                </div>
              </div>
            </div>
          </div>
        </article>
      </div>
    </div>
  </div>
  <div
    class="c30"
  >
    <p
      aria-live="polite"
      aria-relevant="all"
      id="live-region-log"
      role="log"
    />
    <p
      aria-live="polite"
      aria-relevant="all"
      id="live-region-status"
      role="status"
    />
    <p
      aria-live="assertive"
      aria-relevant="all"
      id="live-region-alert"
      role="alert"
    />
  </div>
</div>
`;
